// Jest Snapshot v1, https://goo.gl/fbAQLP

exports[`getContracts should return contracts 1`] = `
[
  {
    "ClientId": 1,
    "ContractorId": 6,
    "createdAt": Any<String>,
    "id": 2,
    "status": "in_progress",
    "terms": "bla bla bla",
    "updatedAt": Any<String>,
  },
]
`;
